// Jest Snapshot v1, https://goo.gl/fbAQLP

exports[`<RemoveFromCart/> renders and matches snapshots 1`] = `
<button
  className="MuiButtonBase-root MuiButton-root MuiButton-text Button-mxspsd-0 styles__Button-sc-6wf167-0 styles__CartRemoveItemStyles-cmg41v-0 gtFMYh"
  data-test="btnRemoveFromCart"
  disabled={false}
  onBlur={[Function]}
  onClick={[Function]}
  onDragLeave={[Function]}
  onFocus={[Function]}
  onKeyDown={[Function]}
  onKeyUp={[Function]}
  onMouseDown={[Function]}
  onMouseLeave={[Function]}
  onMouseUp={[Function]}
  onTouchEnd={[Function]}
  onTouchMove={[Function]}
  onTouchStart={[Function]}
  tabIndex={0}
  title="Delete Item"
  type="button"
>
  <span
    className="MuiButton-label"
  >
    Ã—
  </span>
  <NoSsr />
</button>
`;
