// Jest Snapshot v1, https://goo.gl/fbAQLP

exports[`<Pagination/> renders pagination for 20 items 1`] = `
<span
  data-test="totalPages"
>
  5
</span>
`;
