// Jest Snapshot v1, https://goo.gl/fbAQLP

exports[`index page renders and matches the snapshot 1`] = `<SignUp />`;
