// Jest Snapshot v1, https://goo.gl/fbAQLP

exports[`<Cart/> renders and matches snapshot 1`] = `
<header>
  <styles__CloseButton
    onClick={[Function]}
  >
    <StyledComponent
      forwardedComponent={
        Object {
          "$$typeof": Symbol(react.forward_ref),
          "attrs": Array [],
          "componentStyle": ComponentStyle {
            "componentId": "styles__CloseButton-sc-6wf167-5",
            "isStatic": false,
            "lastClassName": "iyjIFn",
            "rules": Array [
              "color:",
              [Function],
              ";font-size:3rem;line-height:2rem;border:0;position:absolute;z-index:2;cursor:pointer;",
            ],
          },
          "displayName": "styles__CloseButton",
          "foldedComponentIds": Array [],
          "render": [Function],
          "styledComponentId": "styles__CloseButton-sc-6wf167-5",
          "target": "span",
          "toString": [Function],
          "warnTooManyClasses": [Function],
          "withComponent": [Function],
        }
      }
      forwardedRef={null}
      onClick={[Function]}
    >
      <span
        className="styles__CloseButton-sc-6wf167-5 iyjIFn"
        onClick={[Function]}
      >
        Ã—
      </span>
    </StyledComponent>
  </styles__CloseButton>
  <Title>
    <StyledComponent
      forwardedComponent={
        Object {
          "$$typeof": Symbol(react.forward_ref),
          "attrs": Array [],
          "componentStyle": ComponentStyle {
            "componentId": "Title-sc-1er30d2-0",
            "isStatic": false,
            "lastClassName": "hOJAge",
            "rules": Array [
              "font-size:1.875em;margin:20px 0 40px;text-align:center;color:",
              [Function],
              ";",
            ],
          },
          "displayName": "Title",
          "foldedComponentIds": Array [],
          "render": [Function],
          "styledComponentId": "Title-sc-1er30d2-0",
          "target": "h2",
          "toString": [Function],
          "warnTooManyClasses": [Function],
          "withComponent": [Function],
        }
      }
      forwardedRef={null}
    >
      <h2
        className="Title-sc-1er30d2-0 hOJAge"
      >
        Miss's
         Cart
      </h2>
    </StyledComponent>
  </Title>
  <p>
    You have 1 products in your cart
    .
  </p>
</header>
`;
